╒══════════════╤═══════════════════════════════════════════════════════════════════════════════════════════════════════╕
│ CodeSha256   │ CwEvufZaAmNgUnlA6yTJGi8p8MNR+mNcCNYPOIwsTNM=                                                          │
├──────────────┼───────────────────────────────────────────────────────────────────────────────────────────────────────┤
│ FunctionName │ jenkins-gcdt-lifecycle-for-ramuda                                                                     │
├──────────────┼───────────────────────────────────────────────────────────────────────────────────────────────────────┤
│ CodeSize     │ 430078                                                                                                │
├──────────────┼───────────────────────────────────────────────────────────────────────────────────────────────────────┤
│ MemorySize   │ 256                                                                                                   │
├──────────────┼───────────────────────────────────────────────────────────────────────────────────────────────────────┤
│ FunctionArn  │ arn:aws:lambda:eu-west-1:644239850139:function:jenkins-gcdt-lifecycle-for-ramuda                      │
├──────────────┼───────────────────────────────────────────────────────────────────────────────────────────────────────┤
│ Version      │ 13                                                                                                    │
├──────────────┼───────────────────────────────────────────────────────────────────────────────────────────────────────┤
│ Role         │ arn:aws:iam::644239850139:role/lambda/dp-dev-store-redshift-cdn-lo-LambdaCdnRedshiftLoad-DD2S84CZFGT4 │
├──────────────┼───────────────────────────────────────────────────────────────────────────────────────────────────────┤
│ Timeout      │ 300                                                                                                   │
├──────────────┼───────────────────────────────────────────────────────────────────────────────────────────────────────┤
│ LastModified │ 2016-08-23T15:27:07.658+0000                                                                          │
├──────────────┼───────────────────────────────────────────────────────────────────────────────────────────────────────┤
│ Handler      │ handler.handle                                                                                        │
├──────────────┼───────────────────────────────────────────────────────────────────────────────────────────────────────┤
│ Runtime      │ python2.7                                                                                             │
├──────────────┼───────────────────────────────────────────────────────────────────────────────────────────────────────┤
│ Description  │ lambda test for ramuda                                                                                │
╘══════════════╧═══════════════════════════════════════════════════════════════════════════════════════════════════════╛